
================================================================================
EMAIL NOTIFICATION - CHECKOUT REMINDER REMINDER
================================================================================
Timestamp: 2026-07-07T18:07:45.702Z
To:        ayanmansoor0919@gmail.com
Subject:   Complete Your Shopping at Markline! 🛍️
--------------------------------------------------------------------------------
Hi there,

We noticed you left some items in your shopping cart. 
Complete your checkout now before they sell out!

Abandoned Product:
--------------------------------------------------------------------------------
Product Name:  Golden Festive Slip-On Heels with Emerald Work
Price:         ₹890
Image Thumbnail: https://images.shopmarkline.in/images/weddings/women-designer-gold-ethnic-heels-green-stone-work-5.jpeg

👉 Finish Checking Out: https://shopmarkline.in/cart
================================================================================


To: ayanmansoor0919@gmail.com
Subject: Complete Your Shopping at Markline! 🛍️
Product: Golden Festive Slip-On Heels with Emerald Work (₹890)
Timestamp: 2026-07-26T08:10:32.019Z

To: ayanmansoor0919@gmail.com
Subject: Complete Your Shopping at Markline! 🛍️
Product: Markline Women’s Wedge Heel Sandals |  Open Toe Slip-On Heels for Women | Party Wear Footwear | Gold and silver (₹899)
Timestamp: 2026-09-01T15:23:27.468Z

To: ayanmansoor0919@gmail.com
Subject: Complete Your Shopping at Markline! 🛍️
Product: Markline Women’s Multicolor Block Heel Mules | Open Toe Strappy Slip-On Heels (₹890)
Timestamp: 2026-09-01T15:23:38.420Z

